profanity2 benchmark
  A: 9011bcd (9011bcd)
  B: pr/57 (aad8e13)
  workload: --leading 0 -i 255 -I 16384 -w 64
  window:   2 x 120s per revision, first 30s of each run dropped
  order:    A B A B 
  key:      secp256k1 generator - PUBLIC, never use a result from this run
bench: run 1/2, revision A (9011bcd (9011bcd))
bench: run 1/2, revision A: 1695.0 MH/s
bench: run 1/2, revision B (pr/57 (aad8e13))
bench: run 1/2, revision B: 1801.0 MH/s
bench: run 2/2, revision A (9011bcd (9011bcd))
bench: run 2/2, revision A: 1694.0 MH/s
bench: run 2/2, revision B (pr/57 (aad8e13))
bench: run 2/2, revision B: 1801.0 MH/s
=================== BENCHMARK RESULT ===================
A  9011bcd (9011bcd)        median 1694.5 MH/s  spread 0.1%
   runs: 1695.0 MH/s 1694.0 MH/s
B  pr/57 (aad8e13)          median 1801.0 MH/s  spread 0.0%
   runs: 1801.0 MH/s 1801.0 MH/s
B vs A: +6.3%
========================================================
BENCH_RESULT mode=leading a_hs=1694500000 b_hs=1801000000 delta_pct=+6.3
