profanity2 benchmark
  A: 9011bcd (9011bcd)
  B: pr/57 (aad8e13)
  workload: --leading 0 -i 255 -I 16384 -w 64
  window:   2 x 120s per revision, first 30s of each run dropped
  order:    A B A B 
  key:      secp256k1 generator - PUBLIC, never use a result from this run
bench: run 1/2, revision A (9011bcd (9011bcd))
bench: run 1/2, revision A: 507.2 MH/s
bench: run 1/2, revision B (pr/57 (aad8e13))
bench: run 1/2, revision B: 567.5 MH/s
bench: run 2/2, revision A (9011bcd (9011bcd))
bench: run 2/2, revision A: 507.5 MH/s
bench: run 2/2, revision B (pr/57 (aad8e13))
bench: run 2/2, revision B: 566.4 MH/s
=================== BENCHMARK RESULT ===================
A  9011bcd (9011bcd)        median 507.4 MH/s   spread 0.1%
   runs: 507.2 MH/s 507.5 MH/s
B  pr/57 (aad8e13)          median 567.0 MH/s   spread 0.2%
   runs: 567.5 MH/s 566.4 MH/s
B vs A: +11.7%
========================================================
BENCH_RESULT mode=leading a_hs=507378000 b_hs=566965000 delta_pct=+11.7