profanity2 benchmark
  A: 9011bcd (9011bcd)
  B: pr/57 (aad8e13)
  workload: --leading 0 -i 255 -I 16384 -w 64
  window:   2 x 120s per revision, first 30s of each run dropped
  order:    A B A B 
  key:      secp256k1 generator - PUBLIC, never use a result from this run
bench: run 1/2, revision A (9011bcd (9011bcd))
bench: run 1/2, revision A: 12904.0 MH/s
bench: run 1/2, revision B (pr/57 (aad8e13))
bench: run 1/2, revision B: 13811.0 MH/s
bench: run 2/2, revision A (9011bcd (9011bcd))
bench: run 2/2, revision A: 12852.0 MH/s
bench: run 2/2, revision B (pr/57 (aad8e13))
bench: run 2/2, revision B: 13767.0 MH/s
=================== BENCHMARK RESULT ===================
A  9011bcd (9011bcd)        median 12878.0 MH/s spread 0.4%
   runs: 12904.0 MH/s 12852.0 MH/s
B  pr/57 (aad8e13)          median 13789.0 MH/s spread 0.3%
   runs: 13811.0 MH/s 13767.0 MH/s
B vs A: +7.1%
========================================================
BENCH_RESULT mode=leading a_hs=12878000000 b_hs=13789000000 delta_pct=+7.1
